                                                                                                                                                                                                                                                                                                                                                                                                                                                                                                Version 2.17.1255. Copyright (C) 2016 American Megatrends, Inc.                 CASwell, Inc. CAPB-2070VR-5620-000 BIOS Rev.:R1.02 (05192016)                                                                                                                                                                                                                                                   Press <DEL> or <TAB> to enter setup.                                                                        Press <B> to enter BBS POPUP. Press <L> to boot from LAN.                                                                                                                                                                                                                                                                                                                                                                                                                                                                                                                                                                                                                                                                                                                                                                                                                                                                                                                                                                                                        B4





                                                                             99
GRUB Loading stage1.5.                                                          
                                                                                
                                                                                
GRUB loading, please wait...                                                    
Press any key to continue.                                                      
Press any key to continue.                                                      
                                                                                
                                                                                
Press any key to continue.                                                      
                                                                                
Press any key to continue.                                                      
                                                                                
                                                                                
                                                                                
                                                                                
                                                                                
                                                                                
                                                                                
                                                                                
                                                                                
                                                                                
                                                                                
                                                                                
                                                                               

    GNU GRUB  version 0.97  (611K lower / 2226268K upper memory)

 +-------------------------------------------------------------------------+
 | waf                                                                     |  
 |                                                                         |
Press any key to continue.                                                      
 |                                                                         |
 |                                                                         |
 |                                                                         |
 |                                                                         |
 |                                                                         |
 |                                                                         |
 |                                                                         |
 |                                                                         |
 |                                                                         |  
 +-------------------------------------------------------------------------+
      Use the ^ and v keys to select which entry is highlighted.
      Press enter to boot the selected OS or 'p' to enter a
      password to unlock the next set of features.


   The highlighted entry will be booted automatically in 1 seconds.    
                                                                                Linux version 2.6.39.4 (root@waf-compile) (gcc version 4.1.2 20080704 (Red Hat 4.1.2-46)) #1 SMP Mon Jan 18 10:38:05 CST 2016
Command line: ro root=/dev/mapper/luks-lv_root crashkernel=256M console=ttyS0,115200
BIOS-provided physical RAM map:tition type 0x83
 BIOS-e820: 0000000000000000 - 0000000000098c00 (usable)shkernel=256M console=t
 BIOS-e820: 0000000000098c00 - 00000000000a0000 (reserved)
 BIOS-e820: 00000000000e0000 - 0000000000100000 (reserved)
 BIOS-e820: 0000000000100000 - 0000000087f17000 (usable)                        
 BIOS-e820: 0000000087f17000 - 0000000087f18000 (ACPI NVS)
 BIOS-e820: 0000000087f18000 - 0000000087f42000 (reserved)
 BIOS-e820: 0000000087f42000 - 000000008c248000 (usable)
 BIOS-e820: 000000008c248000 - 000000008c54d000 (reserved)
 BIOS-e820: 000000008c54d000 - 000000008c751000 (usable)
 BIOS-e820: 000000008c751000 - 000000008cea6000 (ACPI NVS)
 BIOS-e820: 000000008cea6000 - 000000008d2ff000 (reserved)
 BIOS-e820: 000000008d2ff000 - 000000008d300000 (usable)
 BIOS-e820: 000000008d300000 - 000000008d400000 (reserved)
 BIOS-e820: 00000000e0000000 - 00000000f0000000 (reserved)
 BIOS-e820: 00000000fe000000 - 00000000fe011000 (reserved)
 BIOS-e820: 00000000fec00000 - 00000000fec01000 (reserved)
 BIOS-e820: 00000000fee00000 - 00000000fee01000 (reserved)
 BIOS-e820: 00000000ff000000 - 0000000100000000 (reserved)
 BIOS-e820: 0000000100000000 - 000000026e000000 (usable)
NX (Execute Disable) protection: active
DMI 3.0 present.
No AGP bridge found
last_pfn = 0x26e000 max_arch_pfn = 0x400000000
x86 PAT enabled: cpu 0, old 0x7040600070406, new 0x7010600070106
last_pfn = 0x8d300 max_arch_pfn = 0x400000000
found SMP MP-table at [ffff8800000fcd00] fcd00
Using GB pages for direct mapping
init_memory_mapping: 0000000000000000-000000008d300000
init_memory_mapping: 0000000100000000-000000026e000000
RAMDISK: 37bdb000 - 37ff0000
Reserving 256MB of memory at 624MB for crashkernel (System RAM: 9952MB)
ACPI: RSDP 00000000000f05b0 00024 (v02 ALASKA)
ACPI: XSDT 000000008ce630a0 000BC (v01 ALASKA   A M I  01072009 AMI  00010013)
ACPI: FACP 000000008ce866b0 0010C (v05 ALASKA   A M I  01072009 AMI  00010013)
ACPI Warning: FADT (revision 5) is longer than ACPI 2.0 version, truncating length 268 to 244 (20110316/tbfadt-288)
ACPI Warning: 32/64X length mismatch in Gpe0Block: 256/0 (20110316/tbfadt-529)
ACPI: DSDT 000000008ce631f0 234C0 (v02 ALASKA   A M I  01072009 INTL 20120913)
ACPI: FACS 000000008cea5f80 00040
ACPI: APIC 000000008ce867c0 00084 (v03 ALASKA   A M I  01072009 AMI  00010013)
ACPI: FPDT 000000008ce86848 00044 (v01 ALASKA   A M I  01072009 AMI  00010013)
ACPI: FIDT 000000008ce86890 0009C (v01 ALASKA   A M I  01072009 AMI  00010013)
ACPI: MCFG 000000008ce86930 0003C (v01 ALASKA   A M I  01072009 MSFT 00000097)
ACPI: HPET 000000008ce86970 00038 (v01 ALASKA   A M I  01072009 AMI. 0005000B)
ACPI: SSDT 000000008ce869a8 0036D (v01 SataRe SataTabl 00001000 INTL 20120913)
ACPI: LPIT 000000008ce86d18 00094 (v01 INTEL       SKL 00000000 MSFT 0000005F)
ACPI: SSDT 000000008ce86db0 00248 (v02 INTEL  sensrhub 00000000 INTL 20120913)
ACPI: SSDT 000000008ce86ff8 00BE3 (v02 INTEL  Ther_Rvp 00001000 INTL 20120913)
ACPI: DBGP 000000008ce87be0 00034 (v01 INTEL           00000000 MSFT 0000005F)
ACPI: DBG2 000000008ce87c18 00054 (v00 INTEL           00000000 MSFT 0000005F)
ACPI: SSDT 000000008ce87c70 00630 (v02  INTEL xh_rvp08 00000000 INTL 20120913)
ACPI: SSDT 000000008ce882a0 0546C (v02 SaSsdt  SaSsdt  00003000 INTL 20120913)
ACPI: UEFI 000000008ce8d710 00042 (v01                 00000000      00000000)
ACPI: SSDT 000000008ce8d758 00E73 (v02 CpuRef  CpuSsdt 00003000 INTL 20120913)
ACPI: DMAR 000000008ce8e5d0 000A8 (v01 INTEL      SKL  00000001 INTL 00000001)
ACPI: NHLT 000000008ce8e678 0002D (v00 INTEL  EDK2     00000002      01000013)
ACPI: ASF! 000000008ce8e6a8 000A5 (v32 INTEL       HCG 00000001 TFSM 000F4240)
No NUMA configuration found
Faking a node at 0000000000000000-000000026e000000
Initmem setup node 0 0000000000000000-000000026e000000
  NODE_DATA [000000026dff9000 - 000000026dffdfff]
Zone PFN ranges:
  DMA      0x00000010 -> 0x00001000
  DMA32    0x00001000 -> 0x00100000
  Normal   0x00100000 -> 0x0026e000
Movable zone start PFN for each node
early_node_map[6] active PFN ranges
    0: 0x00000010 -> 0x00000098
    0: 0x00000100 -> 0x00087f17
    0: 0x00087f42 -> 0x0008c248
    0: 0x0008c54d -> 0x0008c751
    0: 0x0008d2ff -> 0x0008d300
    0: 0x00100000 -> 0x0026e000
ACPI: PM-Timer IO Port: 0x1808
ACPI: LAPIC (acpi_id[0x01] lapic_id[0x00] enabled)
ACPI: LAPIC (acpi_id[0x02] lapic_id[0x02] enabled)
ACPI: LAPIC (acpi_id[0x03] lapic_id[0x01] enabled)
ACPI: LAPIC (acpi_id[0x04] lapic_id[0x03] enabled)
ACPI: LAPIC_NMI (acpi_id[0x01] high edge lint[0x1])
ACPI: LAPIC_NMI (acpi_id[0x02] high edge lint[0x1])
ACPI: LAPIC_NMI (acpi_id[0x03] high edge lint[0x1])
ACPI: LAPIC_NMI (acpi_id[0x04] high edge lint[0x1])
ACPI: IOAPIC (id[0x02] address[0xfec00000] gsi_base[0])
IOAPIC[0]: apic_id 2, version 32, address 0xfec00000, GSI 0-119
ACPI: INT_SRC_OVR (bus 0 bus_irq 0 global_irq 2 dfl dfl)
ACPI: INT_SRC_OVR (bus 0 bus_irq 9 global_irq 9 high level)
Using ACPI (MADT) for SMP configuration information
ACPI: HPET id: 0x8086a701 base: 0xfed00000
SMP: Allowing 4 CPUs, 0 hotplug CPUs
Allocating PCI resources starting at 8d400000 (gap: 8d400000:52c00000)
setup_percpu: NR_CPUS:255 nr_cpumask_bits:255 nr_cpu_ids:4 nr_node_ids:1
PERCPU: Embedded 25 pages/cpu @ffff88026dc00000 s73600 r8192 d20608 u524288
Built 1 zonelists in Zone order, mobility grouping on.  Total pages: 2038677
Policy zone: Normal
Kernel command line: ro root=/dev/mapper/luks-lv_root crashkernel=256M console=ttyS0,115200
PID hash table entries: 4096 (order: 3, 32768 bytes)
xsave/xrstor: enabled xstate_bv 0x7, cntxt size 0x340
Checking aperture...
No AGP bridge found
Memory: 7837372k/10190848k available (2822k kernel code, 1896792k absent, 456684k reserved, 2585k data, 496k init)
Hierarchical RCU implementation.
        RCU-based detection of stalled CPUs is disabled.
NR_IRQS:4352
Extended CMOS year: 2000
Console: colour VGA+ 80x25
console [ttyS0] enabled
Fast TSC calibration failed
TSC: Unable to calibrate against PIT
TSC: using HPET reference calibration
Detected 3696.331 MHz processor.
Calibrating delay loop (skipped), value calculated using timer frequency.. 7392.66 BogoMIPS (lpj=3696331)
pid_max: default: 32768 minimum: 301
Security Framework initialized
Dentry cache hash table entries: 1048576 (order: 11, 8388608 bytes)
Inode-cache hash table entries: 524288 (order: 10, 4194304 bytes)
Mount-cache hash table entries: 256
CPU: Physical Processor ID: 0
CPU: Processor Core ID: 0
mce: CPU supports 8 MCE banks
CPU0: Thermal monitoring enabled (TM1)
using mwait in idle threads.
ACPI: Core revision 20110316
DMAR: Host address width 39
DMAR: DRHD base: 0x000000fed90000 flags: 0x0
IOMMU 0: reg_base_addr fed90000 ver 1:0 cap 1c0000c40660462 ecap 7e3ff0505e
DMAR: DRHD base: 0x000000fed91000 flags: 0x1
IOMMU 1: reg_base_addr fed91000 ver 1:0 cap d2008c40660462 ecap f050da
DMAR: RMRR base: 0x0000008c2ef000 end: 0x0000008c30efff
DMAR: RMRR base: 0x0000008d800000 end: 0x0000008fffffff
DMAR: No ATSR found
Not enabling x2apic, Intr-remapping init failed.
Setting APIC routing to flat
..TIMER: vector=0x30 apic1=0 pin1=2 apic2=0 pin2=0
CPU0: Intel(R) Core(TM) i3-6100 CPU @ 3.70GHz stepping 03
Performance Events: no PEBS fmt3+, generic architected perfmon, Intel PMU driver.
... version:                4
... bit width:              48
... generic registers:      4
... value mask:             0000ffffffffffff
... max period:             000000007fffffff
... fixed-purpose events:   3
... event mask:             000000070000000f
Booting Node   0, Processors  #1
 #2
 #3 Ok.
Brought up 4 CPUs
Total of 4 processors activated (29553.96 BogoMIPS).
NET: Registered protocol family 16
ACPI FADT declares the system doesn't support PCIe ASPM, so disable it
ACPI: bus type pci registered
PCI: MMCONFIG for domain 0000 [bus 00-ff] at [mem 0xe0000000-0xefffffff] (base 0xe0000000)
PCI: MMCONFIG at [mem 0xe0000000-0xefffffff] reserved in E820
PCI: Using configuration type 1 for base access
bio: create slab <bio-0> at 0
ACPI: Executed 26 blocks of module-level executable AML code
[Firmware Bug]: ACPI: BIOS _OSI(Linux) query ignored
ACPI: SSDT 000000008c2ea798 00726 (v02  PmRef  Cpu0Ist 00003000 INTL 20120913)
ACPI: Dynamic OEM Table Load:
ACPI: SSDT           (null) 00726 (v02  PmRef  Cpu0Ist 00003000 INTL 20120913)
ACPI: SSDT 000000008c2e9618 005AA (v02  PmRef    ApIst 00003000 INTL 20120913)
ACPI: Dynamic OEM Table Load:
ACPI: SSDT           (null) 005AA (v02  PmRef    ApIst 00003000 INTL 20120913)
ACPI: Interpreter enabled
ACPI: (supports S0 S3 S5)
ACPI: Using IOAPIC for interrupt routing
ACPI: Power Resource [PG00] (on)
ACPI: Power Resource [PG01] (on)
ACPI: Power Resource [PG02] (on)
ACPI: Power Resource [WRST] (off)
ACPI: Power Resource [WRST] (off)
ACPI: Power Resource [WRST] (off)
ACPI: Power Resource [WRST] (off)
ACPI: Power Resource [WRST] (off)
ACPI: Power Resource [WRST] (off)
ACPI: Power Resource [WRST] (off)
ACPI: Power Resource [WRST] (off)
ACPI: Power Resource [WRST] (off)
ACPI: Power Resource [WRST] (off)
ACPI: Power Resource [WRST] (off)
ACPI: Power Resource [WRST] (off)
ACPI: Power Resource [WRST] (off)
ACPI: Power Resource [WRST] (off)
ACPI: Power Resource [WRST] (off)
ACPI: Power Resource [WRST] (off)
ACPI: Power Resource [WRST] (off)
ACPI: Power Resource [WRST] (off)
ACPI: Power Resource [WRST] (off)
ACPI: Power Resource [WRST] (off)
ACPI: Power Resource [FN00] (off)
ACPI: Power Resource [FN01] (off)
ACPI: Power Resource [FN02] (off)
ACPI: Power Resource [FN03] (off)
ACPI: Power Resource [FN04] (off)
ACPI: No dock devices found.
PCI: Using host bridge windows from ACPI; if necessary, use "pci=nocrs" and report a bug
ACPI: PCI Root Bridge [PCI0] (domain 0000 [bus 00-fe])
pci_root PNP0A08:00: host bridge window [io  0x0000-0x0cf7]
pci_root PNP0A08:00: host bridge window [io  0x0d00-0xffff]
pci_root PNP0A08:00: host bridge window [mem 0x000a0000-0x000bffff]
pci_root PNP0A08:00: host bridge window [mem 0x90000000-0xdfffffff]
pci_root PNP0A08:00: host bridge window [mem 0xfd000000-0xfe7fffff]
pci 0000:00:01.0: PCI bridge to [bus 01-01]
pci 0000:00:1c.0: PCI bridge to [bus 02-02]
pci 0000:00:1c.5: PCI bridge to [bus 03-03]
pci 0000:00:1c.6: PCI bridge to [bus 04-04]
pci 0000:00:1c.7: PCI bridge to [bus 05-05]
pci 0000:00:1d.0: PCI bridge to [bus 06-06]
pci 0000:00:1d.1: PCI bridge to [bus 07-07]
 pci0000:00: Requesting ACPI _OSC control (0x1d)
Unable to assume _OSC PCIe control. Disabling ASPM
ACPI: PCI Interrupt Link [LNKA] (IRQs 3 4 5 6 10 *11 12 14 15)
ACPI: PCI Interrupt Link [LNKB] (IRQs 3 4 5 6 *10 11 12 14 15)
ACPI: PCI Interrupt Link [LNKC] (IRQs 3 4 5 6 10 *11 12 14 15)
ACPI: PCI Interrupt Link [LNKD] (IRQs 3 4 5 6 10 *11 12 14 15)
ACPI: PCI Interrupt Link [LNKE] (IRQs 3 4 5 6 10 *11 12 14 15)
ACPI: PCI Interrupt Link [LNKF] (IRQs 3 4 5 6 10 *11 12 14 15)
ACPI: PCI Interrupt Link [LNKG] (IRQs 3 4 5 6 10 *11 12 14 15)
ACPI: PCI Interrupt Link [LNKH] (IRQs 3 4 5 6 10 *11 12 14 15)
vgaarb: device added: PCI:0000:00:02.0,decodes=io+mem,owns=io+mem,locks=none
vgaarb: loaded
usbcore: registered new interface driver usbfs
usbcore: registered new interface driver hub
usbcore: registered new device driver usb
PCI: Using ACPI for IRQ routing
NetLabel: Initializing
NetLabel:  domain hash size = 128
NetLabel:  protocols = UNLABELED CIPSOv4
NetLabel:  unlabeled traffic allowed by default
hpet0: at MMIO 0xfed00000, IRQs 2, 8, 0, 0, 0, 0, 0, 0
hpet0: 8 comparators, 64-bit 24.000000 MHz counter
Switching to clocksource hpet
pnp: PnP ACPI init
ACPI: bus type pnp registered
system 00:01: [io  0x0a00-0x0a1f] has been reserved
system 00:01: [io  0x0a20-0x0a2f] has been reserved
system 00:01: [io  0x0a30-0x0a3f] has been reserved
system 00:01: [io  0x0a40-0x0a4f] has been reserved
system 00:08: [io  0x0680-0x069f] has been reserved
system 00:08: [io  0xffff] has been reserved
system 00:08: [io  0xffff] has been reserved
system 00:08: [io  0xffff] has been reserved
system 00:08: [io  0x1800-0x18fe] has been reserved
system 00:08: [io  0x164e-0x164f] has been reserved
system 00:09: [io  0x0800-0x087f] has been reserved
system 00:0b: [io  0x1854-0x1857] has been reserved
system 00:0c: [mem 0xfed10000-0xfed17fff] has been reserved
system 00:0c: [mem 0xfed18000-0xfed18fff] has been reserved
system 00:0c: [mem 0xfed19000-0xfed19fff] has been reserved
system 00:0c: [mem 0xe0000000-0xefffffff] has been reserved
system 00:0c: [mem 0xfed20000-0xfed3ffff] has been reserved
system 00:0c: [mem 0xfed90000-0xfed93fff] has been reserved
system 00:0c: [mem 0xfed45000-0xfed8ffff] has been reserved
system 00:0c: [mem 0xff000000-0xffffffff] has been reserved
system 00:0c: [mem 0xfee00000-0xfeefffff] could not be reserved
system 00:0c: [mem 0xdffe0000-0xdfffffff] has been reserved
system 00:0d: [mem 0xfd000000-0xfdabffff] has been reserved
system 00:0d: [mem 0xfdad0000-0xfdadffff] has been reserved
system 00:0d: [mem 0xfdb00000-0xfdffffff] has been reserved
system 00:0d: [mem 0xfe000000-0xfe01ffff] could not be reserved
system 00:0d: [mem 0xfe036000-0xfe03bfff] has been reserved
system 00:0d: [mem 0xfe03d000-0xfe3fffff] has been reserved
system 00:0d: [mem 0xfe410000-0xfe7fffff] has been reserved
system 00:0e: [io  0xff00-0xfffe] has been reserved
pnp 00:0f: IRQ 14 override to edge, high
system 00:0f: [mem 0xfdaf0000-0xfdafffff] has been reserved
system 00:0f: [mem 0xfdae0000-0xfdaeffff] has been reserved
system 00:0f: [mem 0xfdac0000-0xfdacffff] has been reserved
pnp: PnP ACPI: found 16 devices
ACPI: ACPI bus type pnp unregistered
pci 0000:00:01.0: PCI bridge to [bus 01-01]
pci 0000:00:01.0:   bridge window [io  disabled]
pci 0000:00:01.0:   bridge window [mem disabled]
pci 0000:00:01.0:   bridge window [mem pref disabled]
pci 0000:00:1c.0: PCI bridge to [bus 02-02]
pci 0000:00:1c.0:   bridge window [io  disabled]
pci 0000:00:1c.0:   bridge window [mem 0xde000000-0xde8fffff]
pci 0000:00:1c.0:   bridge window [mem pref disabled]
pci 0000:00:1c.5: PCI bridge to [bus 03-03]
pci 0000:00:1c.5:   bridge window [io  0xe000-0xefff]
pci 0000:00:1c.5:   bridge window [mem 0xdf500000-0xdf5fffff]
pci 0000:00:1c.5:   bridge window [mem pref disabled]
pci 0000:00:1c.6: PCI bridge to [bus 04-04]
pci 0000:00:1c.6:   bridge window [io  0xd000-0xdfff]
pci 0000:00:1c.6:   bridge window [mem 0xdf200000-0xdf4fffff]
pci 0000:00:1c.6:   bridge window [mem pref disabled]
pci 0000:00:1c.7: PCI bridge to [bus 05-05]
pci 0000:00:1c.7:   bridge window [io  0xc000-0xcfff]
pci 0000:00:1c.7:   bridge window [mem 0xdef00000-0xdf1fffff]
pci 0000:00:1c.7:   bridge window [mem pref disabled]
pci 0000:00:1d.0: PCI bridge to [bus 06-06]
pci 0000:00:1d.0:   bridge window [io  0xb000-0xbfff]
pci 0000:00:1d.0:   bridge window [mem 0xdec00000-0xdeefffff]
pci 0000:00:1d.0:   bridge window [mem pref disabled]
pci 0000:00:1d.1: PCI bridge to [bus 07-07]
pci 0000:00:1d.1:   bridge window [io  0xa000-0xafff]
pci 0000:00:1d.1:   bridge window [mem 0xde900000-0xdebfffff]
pci 0000:00:1d.1:   bridge window [mem pref disabled]
pci 0000:00:01.0: power state changed by ACPI to D0
pci 0000:00:01.0: power state changed by ACPI to D0
pci 0000:00:01.0: PCI INT A -> GSI 16 (level, low) -> IRQ 16
pci 0000:00:1c.0: PCI INT A -> GSI 16 (level, low) -> IRQ 16
pci 0000:00:1c.5: PCI INT B -> GSI 17 (level, low) -> IRQ 17
pci 0000:00:1c.6: PCI INT C -> GSI 18 (level, low) -> IRQ 18
pci 0000:00:1c.7: PCI INT D -> GSI 19 (level, low) -> IRQ 19
pci 0000:00:1d.0: PCI INT A -> GSI 16 (level, low) -> IRQ 16
pci 0000:00:1d.1: PCI INT B -> GSI 17 (level, low) -> IRQ 17
NET: Registered protocol family 2
IP route cache hash table entries: 262144 (order: 9, 2097152 bytes)
TCP established hash table entries: 524288 (order: 11, 8388608 bytes)
TCP bind hash table entries: 65536 (order: 8, 1048576 bytes)
TCP: Hash tables configured (established 524288 bind 65536)
TCP reno registered
UDP hash table entries: 4096 (order: 5, 131072 bytes)
UDP-Lite hash table entries: 4096 (order: 5, 131072 bytes)
NET: Registered protocol family 1
Trying to unpack rootfs image as initramfs...
Freeing initrd memory: 4180k freed
PCI-DMA: Using software bounce buffering for IO (SWIOTLB)
Placing 64MB software IO TLB between ffff880088248000 - ffff88008c248000
software IO TLB at phys 0x88248000 - 0x8c248000
audit: initializing netlink socket (disabled)
type=2000 audit(1504028247.905:1): initialized
HugeTLB registered 2 MB page size, pre-allocated 0 pages
VFS: Disk quotas dquot_6.5.2
Dquot-cache hash table entries: 512 (order 0, 4096 bytes)
msgmni has been set to 15315
Block layer SCSI generic (bsg) driver version 0.4 loaded (major 254)
io scheduler noop registered
io scheduler deadline registered
io scheduler cfq registered (default)
ACPI: Fan [FAN0] (off)
ACPI: Fan [FAN1] (off)
ACPI: Fan [FAN2] (off)
ACPI: Fan [FAN3] (off)
ACPI: Fan [FAN4] (off)
thermal LNXTHERM:00: registered as thermal_zone0
ACPI: Thermal Zone [TZ00] (28 C)
thermal LNXTHERM:01: registered as thermal_zone1
ACPI: Thermal Zone [TZ01] (30 C)
Serial: 8250/16550 driver, 4 ports, IRQ sharing enabled
erial8250: ttyS0 at I/O 0x3f8 (irq = 4) is a 16550A
Refined TSC clocksource calibration: 3695.999 MHz.
Switching to clocksource tsc
serial8250: ttyS1 at I/O 0x2f8 (irq = 3) is a 16550A
00:02: ttyS0 at I/O 0x3f8 (irq = 4) is a 16550A
00:03: ttyS1 at I/O 0x2f8 (irq = 3) is a 16550A
Generic RTC Driver v1.07
Non-volatile memory driver v1.3
Linux agpgart interface v0.103
brd: module loaded
Uniform Multi-Platform E-IDE driver
ide_generic: please use "probe_mask=0x3f" module parameter for probing all legacy ISA IDE ports
ide0 at 0x1f0-0x1f7,0x3f6 on irq 14
ide1 at 0x170-0x177,0x376 on irq 15
ide-gd driver 1.18
usbmon: debugfs is not available
i8042: PNP: PS/2 Controller [PNP0f03:PS2M] at 0x60,0x64 irq 12
i8042: PNP: PS/2 controller doesn't have KBD irq; using default 1
serio: i8042 KBD port at 0x60,0x64 irq 1
serio: i8042 AUX port at 0x60,0x64 irq 12
mousedev: PS/2 mouse device common for all mice
cpuidle: using governor ladder
usbcore: registered new interface driver usbhid
usbhid: USB HID core driver
TCP bic registered
Initializing XFRM netlink socket
NET: Registered protocol family 17
Registering the dns_resolver key type
registered taskstats version 1
Freeing unused kernel memory: 496k freed
Red Hat nash version 5.1.19.6 starting
nash-hotplug (35): /proc/35/oom_adj is deprecated, please use /proc/35/oom_score_adj instead.
ehci_hcd: USB 2.0 'Enhanced' Host Controller (EHCI) Driver
ohci_hcd: USB 1.1 'Open' Host Controller (OHCI) Driver
uhci_hcd: USB Universal Host Controller Interface driver
device-mapper: uevent: version 1.0.3
device-mapper: ioctl: 4.20.0-ioctl (2011-02-02) initialised: dm-devel@redhat.com
insmod: error inserting '/lib/aes_generic.ko': -1 File exists
insmod: error inserting '/lib/sha256_generic.ko': -1 File exists
insmod: error inserting '/lib/aes_generic.ko': -1 File exists
insmod: error inserting '/lib/sSCSI subsystem initialized
ha256_generic.ko': -1 File exists
insmod: error inserting '/lib/dm-region-hash.ko': -1 File exists
Waiting for driver initialization.
stabilized: open /proc/scsi/scsi: No such file or directory
Scanning and configuring dmraid supported devices
Loading /lib/kbd/keymaps/i386/qwerty/us.map
Can't open device: /dev/sda2
Command failed: No key available with this passphrase.

Scanning logical volumes
Activating logical volumes
  Volume group "vg_main" not found
  Volume group "vg_sda1" not found
Can't open device: /dev/mapper/vg_main-lv_root
Command failed: No key available with this passphrase.

Creating root device.
Mounting root filesystem.
mount: could not find filesystem '/dev/root'
Setting up other filesystems.
Setting up new root fs
setuproot: moving /dev failed: No such file or directory
no fstab.sys, mounting internal defaults
setuproot: error mounting /proc: No such file or directory
setuproot: error mounting /sys: No such file or directory
Switching to new root and running init.
unmounting old /dev
unmounting old /proc
unmounting old /sys
switchroot: mount failed: No such file or directory
Kernel panic - not syncing: Attempted to kill init!
Pid: 1, comm: init Not tainted 2.6.39.4 #1
Call Trace:
 [<ffffffff8102e6cf>] ? panic+0x9d/0x194
 [<ffffffff8108493b>] ? pcpu_free_area+0xf3/0x11a
 [<ffffffff81085422>] ? free_percpu+0x78/0x100
 [<ffffffff810bae5b>] ? mntput_no_expire+0xd6/0xf9
 [<ffffffff812bc79f>] ? mutex_lock+0xd/0x31
 [<ffffffff8106f5e9>] ? perf_event_exit_task+0xa9/0x191
 [<ffffffff81031453>] ? do_exit+0xa6/0x6de
 [<ffffffff81031af8>] ? do_group_exit+0x6d/0x97
 [<ffffffff81031b34>] ? sys_exit_group+0x12/0x17
 [<ffffffff812bdd7b>] ? system_call_fastpath+0x16/0x1b
